// Jest Snapshot v1, https://goo.gl/fbAQLP

exports[`base 1`] = `
.c0 {
  margin: 8px;
  width: 100%;
  background-color: #ffffff;
  color: #000000;
}

@media (max-width:600px) {
  .c0 {
    margin: 0;
  }
}

<div
  className="c0"
  width={1}
/>
`;
