// Jest Snapshot v1, https://goo.gl/fbAQLP

exports[`mixin fallbacks 1`] = `
.c0 {
  background-color: blue;
  color: #0000FF;
  width: 100%;
}

@media (max-width:600px) {
  .c0 {
    background-color: black;
  }
}

<div
  className="c0"
/>
`;
