// Jest Snapshot v1, https://goo.gl/fbAQLP

exports[`basic 1`] = `
.emotion-0 {
  margin: 8px;
  width: 100%;
  background-color: #ffffff;
  color: #000000;
}

@media (max-width:600px) {
  .emotion-0 {
    margin: 0;
  }
}

<div
  className="emotion-0"
  width={true}
/>
`;
